// Jest Snapshot v1, https://goo.gl/fbAQLP

exports[`Progress component test should comply with the snapshot 1`] = `
<div
  className="apim-dual-ring"
>
  <span
    style={
      Object {
        "width": "200px",
      }
    }
  >
    
  </span>
</div>
`;
